2026-10-08 19:03:06 ===== 开始 | 时间窗起点 2026-10-05T23:03:06.698350 | backfill=0.0 =====
2026-10-08 19:03:06 arXiv query: (cat:cs.RO OR cat:cs.CV OR cat:cs.AI OR cat:cs.LG) AND (all:"world action model" OR all:"world-action model" OR all:"video world model" OR all:embodied world model OR all:action-video joint model OR all:world model policy OR all:DreamZero OR all:Fast-WAM OR all:Motubrain OR all:Being-H)
2026-10-08 19:19:42 === WAM Paper Bot 启动 ===
2026-10-08 19:19:42 Python: 3.14.7 (tags/v3.14.7:823f032, Aug  5 2026, 10:51:32) [MSC v.1944 64 bit (AMD64)]
2026-10-08 19:19:42 警告: 无法访问外部网络 (HTTPSConnectionPool(host='www.google.com', port=443): Max retries exceeded with url: / (Caused by NameResolutionError("HTTPSConnection(host='www.google.com', port=443): Failed to resolve 'www.google.com' ([Errno 11001] getaddrinfo failed)")))
2026-10-08 19:19:42 请检查: 1) 网络连接 2) DNS设置 3) 是否需要代理(设 HTTPS_PROXY 环境变量)
2026-10-08 19:19:42 ===== 开始 | 时间窗起点 2026-10-05T23:19:42.641185 | backfill=0.0 =====
2026-10-08 19:19:42 未配置代理（直连）
2026-10-08 19:19:42 尝试 arXiv 端点: https://export.arxiv.org/api/query
2026-10-08 19:19:42 连接失败(1/3): HTTPSConnectionPool(host='export.arxiv.org', port=443): Max retries exceeded with url: /api/query?search_query=%28cat%3Acs.RO+OR+cat%3Acs.CV+OR+cat%3Acs.AI+OR+cat%3Acs.LG%29+AND+%28all%3A%22world+action+model%22+OR+all%3A%22world-action+model%22+OR+all%3A%22video+world+model%22+OR+all%3A%22embodied+world+model%22+OR+all%3A%22action-video+joint+model%22+OR+all%3A%22world+model+policy%22+OR+all%3ADreamZero+OR+all%3AFast-WAM+OR+all%3AMotubrain+OR+all%3ABeing-H%29&max_results=120&sortBy=submittedDate&sortOrder=descending (Caused by NameResolutionError("HTTPSConnection(host='export.arxiv.org', port=443): Failed to resolve 'export.arxiv.org' ([Errno 11001] getaddrinfo failed)"))
2026-10-08 19:19:44 连接失败(2/3): HTTPSConnectionPool(host='export.arxiv.org', port=443): Max retries exceeded with url: /api/query?search_query=%28cat%3Acs.RO+OR+cat%3Acs.CV+OR+cat%3Acs.AI+OR+cat%3Acs.LG%29+AND+%28all%3A%22world+action+model%22+OR+all%3A%22world-action+model%22+OR+all%3A%22video+world+model%22+OR+all%3A%22embodied+world+model%22+OR+all%3A%22action-video+joint+model%22+OR+all%3A%22world+model+policy%22+OR+all%3ADreamZero+OR+all%3AFast-WAM+OR+all%3AMotubrain+OR+all%3ABeing-H%29&max_results=120&sortBy=submittedDate&sortOrder=descending (Caused by NameResolutionError("HTTPSConnection(host='export.arxiv.org', port=443): Failed to resolve 'export.arxiv.org' ([Errno 11001] getaddrinfo failed)"))
2026-10-08 19:19:47 连接失败(3/3): HTTPSConnectionPool(host='export.arxiv.org', port=443): Max retries exceeded with url: /api/query?search_query=%28cat%3Acs.RO+OR+cat%3Acs.CV+OR+cat%3Acs.AI+OR+cat%3Acs.LG%29+AND+%28all%3A%22world+action+model%22+OR+all%3A%22world-action+model%22+OR+all%3A%22video+world+model%22+OR+all%3A%22embodied+world+model%22+OR+all%3A%22action-video+joint+model%22+OR+all%3A%22world+model+policy%22+OR+all%3ADreamZero+OR+all%3AFast-WAM+OR+all%3AMotubrain+OR+all%3ABeing-H%29&max_results=120&sortBy=submittedDate&sortOrder=descending (Caused by NameResolutionError("HTTPSConnection(host='export.arxiv.org', port=443): Failed to resolve 'export.arxiv.org' ([Errno 11001] getaddrinfo failed)"))
2026-10-08 19:19:47   https://export.arxiv.org/api/query 失败，试下一个端点
2026-10-08 19:19:47 尝试 arXiv 端点: https://arxiv.org/api/query
2026-10-08 19:19:47 连接失败(1/3): HTTPSConnectionPool(host='arxiv.org', port=443): Max retries exceeded with url: /api/query?search_query=%28cat%3Acs.RO+OR+cat%3Acs.CV+OR+cat%3Acs.AI+OR+cat%3Acs.LG%29+AND+%28all%3A%22world+action+model%22+OR+all%3A%22world-action+model%22+OR+all%3A%22video+world+model%22+OR+all%3A%22embodied+world+model%22+OR+all%3A%22action-video+joint+model%22+OR+all%3A%22world+model+policy%22+OR+all%3ADreamZero+OR+all%3AFast-WAM+OR+all%3AMotubrain+OR+all%3ABeing-H%29&max_results=120&sortBy=submittedDate&sortOrder=descending (Caused by NameResolutionError("HTTPSConnection(host='arxiv.org', port=443): Failed to resolve 'arxiv.org' ([Errno 11001] getaddrinfo failed)"))
2026-10-08 19:19:49 连接失败(2/3): HTTPSConnectionPool(host='arxiv.org', port=443): Max retries exceeded with url: /api/query?search_query=%28cat%3Acs.RO+OR+cat%3Acs.CV+OR+cat%3Acs.AI+OR+cat%3Acs.LG%29+AND+%28all%3A%22world+action+model%22+OR+all%3A%22world-action+model%22+OR+all%3A%22video+world+model%22+OR+all%3A%22embodied+world+model%22+OR+all%3A%22action-video+joint+model%22+OR+all%3A%22world+model+policy%22+OR+all%3ADreamZero+OR+all%3AFast-WAM+OR+all%3AMotubrain+OR+all%3ABeing-H%29&max_results=120&sortBy=submittedDate&sortOrder=descending (Caused by NameResolutionError("HTTPSConnection(host='arxiv.org', port=443): Failed to resolve 'arxiv.org' ([Errno 11001] getaddrinfo failed)"))
2026-10-08 19:19:52 连接失败(3/3): HTTPSConnectionPool(host='arxiv.org', port=443): Max retries exceeded with url: /api/query?search_query=%28cat%3Acs.RO+OR+cat%3Acs.CV+OR+cat%3Acs.AI+OR+cat%3Acs.LG%29+AND+%28all%3A%22world+action+model%22+OR+all%3A%22world-action+model%22+OR+all%3A%22video+world+model%22+OR+all%3A%22embodied+world+model%22+OR+all%3A%22action-video+joint+model%22+OR+all%3A%22world+model+policy%22+OR+all%3ADreamZero+OR+all%3AFast-WAM+OR+all%3AMotubrain+OR+all%3ABeing-H%29&max_results=120&sortBy=submittedDate&sortOrder=descending (Caused by NameResolutionError("HTTPSConnection(host='arxiv.org', port=443): Failed to resolve 'arxiv.org' ([Errno 11001] getaddrinfo failed)"))
2026-10-08 19:19:52   https://arxiv.org/api/query 失败，试下一个端点
2026-10-08 19:19:52 尝试 arXiv 端点: http://export.arxiv.org/api/query
2026-10-08 19:19:52 连接失败(1/3): HTTPConnectionPool(host='export.arxiv.org', port=80): Max retries exceeded with url: /api/query?search_query=%28cat%3Acs.RO+OR+cat%3Acs.CV+OR+cat%3Acs.AI+OR+cat%3Acs.LG%29+AND+%28all%3A%22world+action+model%22+OR+all%3A%22world-action+model%22+OR+all%3A%22video+world+model%22+OR+all%3A%22embodied+world+model%22+OR+all%3A%22action-video+joint+model%22+OR+all%3A%22world+model+policy%22+OR+all%3ADreamZero+OR+all%3AFast-WAM+OR+all%3AMotubrain+OR+all%3ABeing-H%29&max_results=120&sortBy=submittedDate&sortOrder=descending (Caused by NameResolutionError("HTTPConnection(host='export.arxiv.org', port=80): Failed to resolve 'export.arxiv.org' ([Errno 11001] getaddrinfo failed)"))
2026-10-08 19:19:54 连接失败(2/3): HTTPConnectionPool(host='export.arxiv.org', port=80): Max retries exceeded with url: /api/query?search_query=%28cat%3Acs.RO+OR+cat%3Acs.CV+OR+cat%3Acs.AI+OR+cat%3Acs.LG%29+AND+%28all%3A%22world+action+model%22+OR+all%3A%22world-action+model%22+OR+all%3A%22video+world+model%22+OR+all%3A%22embodied+world+model%22+OR+all%3A%22action-video+joint+model%22+OR+all%3A%22world+model+policy%22+OR+all%3ADreamZero+OR+all%3AFast-WAM+OR+all%3AMotubrain+OR+all%3ABeing-H%29&max_results=120&sortBy=submittedDate&sortOrder=descending (Caused by NameResolutionError("HTTPConnection(host='export.arxiv.org', port=80): Failed to resolve 'export.arxiv.org' ([Errno 11001] getaddrinfo failed)"))
2026-10-08 19:19:57 连接失败(3/3): HTTPConnectionPool(host='export.arxiv.org', port=80): Max retries exceeded with url: /api/query?search_query=%28cat%3Acs.RO+OR+cat%3Acs.CV+OR+cat%3Acs.AI+OR+cat%3Acs.LG%29+AND+%28all%3A%22world+action+model%22+OR+all%3A%22world-action+model%22+OR+all%3A%22video+world+model%22+OR+all%3A%22embodied+world+model%22+OR+all%3A%22action-video+joint+model%22+OR+all%3A%22world+model+policy%22+OR+all%3ADreamZero+OR+all%3AFast-WAM+OR+all%3AMotubrain+OR+all%3ABeing-H%29&max_results=120&sortBy=submittedDate&sortOrder=descending (Caused by NameResolutionError("HTTPConnection(host='export.arxiv.org', port=80): Failed to resolve 'export.arxiv.org' ([Errno 11001] getaddrinfo failed)"))
2026-10-08 19:19:57   http://export.arxiv.org/api/query 失败，试下一个端点
2026-10-08 19:19:57 所有 arXiv 端点均失败，回退到 Semantic Scholar
2026-10-08 19:19:57 arXiv 不可用，启用 Semantic Scholar 兜底
2026-10-08 19:19:57 连接失败(1/3): HTTPSConnectionPool(host='api.semanticscholar.org', port=443): Max retries exceeded with url: /graph/v1/paper/search?query=%22world+action+model%22+OR+%22world-action+model%22+OR+%22video+world+model%22+OR+embodied+world+model+OR+action-video+joint+model+OR+world+model+policy+OR+DreamZero+OR+Fast-WAM+OR+Motubrain+OR+Being-H&limit=120&fields=title%2Cauthors%2Cabstract%2Cyear%2CpublicationTypes%2CcitationCount%2CexternalIds&year=2026-10 (Caused by NameResolutionError("HTTPSConnection(host='api.semanticscholar.org', port=443): Failed to resolve 'api.semanticscholar.org' ([Errno 11001] getaddrinfo failed)"))
2026-10-08 19:19:59 用户中断
2026-10-08 19:24:00 === WAM Paper Bot v2 启动 ===
2026-10-08 19:24:00 Python: 3.14.7 (tags/v3.14.7:823f032, Aug  5 2026, 10:51:32) [MSC v.1944 64 bit (AMD64)]
2026-10-08 19:24:00 ===== 开始 | 时间窗起点 2026-10-05T23:24:00.806740 | backfill=0.0 =====
2026-10-08 19:24:00 数据源模式: auto
2026-10-08 19:24:00 --- 网络诊断 ---
2026-10-08 19:24:00   export.arxiv.org: FAIL (ConnectionError)
2026-10-08 19:24:00   arxiv.org: FAIL (ConnectionError)
2026-10-08 19:24:00   api.semanticscholar.org: FAIL (ConnectionError)
2026-10-08 19:24:00 数据源: auto (先 arXiv, 失败则 Semantic Scholar)
2026-10-08 19:24:00   尝试 arXiv: https://export.arxiv.org/api/query
2026-10-08 19:24:00   连接失败(1/3): HTTPSConnectionPool(host='export.arxiv.org', port=443): Max retries exceeded with url: /api/query?search_query=%28cat%3Acs.RO+OR+cat%3Acs.CV+OR+cat%3Acs.AI+OR+cat%3Acs.LG%29+AND+%28all%3A%22world+action+model%22+OR+all%3A%22world-action+model%22+OR+all%3A%22video+world+model%22+OR+all%3A%22embodied+world+model%22+OR+all%3A%22action-video+joint+model%22+OR+all%3A%22world+model+policy%22+OR+all%3ADreamZero+OR+all%3AFast-WAM+OR+all%3AMotubrain+OR+all%3ABeing-H+OR+all%3A%22world+model+robotics%22+OR+all%3A%22world+model+manipulation%22%29&max_results=120&sortBy=submittedDate&sortOrder=descending (Caused by NameResolutionError("HTTPSConnection(host='export.arxiv.org', port=443): Failed to resolve 'export.arxiv.org' ([Errno 11001] getaddrinfo failed)"))
2026-10-08 19:24:02   连接失败(2/3): HTTPSConnectionPool(host='export.arxiv.org', port=443): Max retries exceeded with url: /api/query?search_query=%28cat%3Acs.RO+OR+cat%3Acs.CV+OR+cat%3Acs.AI+OR+cat%3Acs.LG%29+AND+%28all%3A%22world+action+model%22+OR+all%3A%22world-action+model%22+OR+all%3A%22video+world+model%22+OR+all%3A%22embodied+world+model%22+OR+all%3A%22action-video+joint+model%22+OR+all%3A%22world+model+policy%22+OR+all%3ADreamZero+OR+all%3AFast-WAM+OR+all%3AMotubrain+OR+all%3ABeing-H+OR+all%3A%22world+model+robotics%22+OR+all%3A%22world+model+manipulation%22%29&max_results=120&sortBy=submittedDate&sortOrder=descending (Caused by NameResolutionError("HTTPSConnection(host='export.arxiv.org', port=443): Failed to resolve 'export.arxiv.org' ([Errno 11001] getaddrinfo failed)"))
2026-10-08 19:24:05   连接失败(3/3): HTTPSConnectionPool(host='export.arxiv.org', port=443): Max retries exceeded with url: /api/query?search_query=%28cat%3Acs.RO+OR+cat%3Acs.CV+OR+cat%3Acs.AI+OR+cat%3Acs.LG%29+AND+%28all%3A%22world+action+model%22+OR+all%3A%22world-action+model%22+OR+all%3A%22video+world+model%22+OR+all%3A%22embodied+world+model%22+OR+all%3A%22action-video+joint+model%22+OR+all%3A%22world+model+policy%22+OR+all%3ADreamZero+OR+all%3AFast-WAM+OR+all%3AMotubrain+OR+all%3ABeing-H+OR+all%3A%22world+model+robotics%22+OR+all%3A%22world+model+manipulation%22%29&max_results=120&sortBy=submittedDate&sortOrder=descending (Caused by NameResolutionError("HTTPSConnection(host='export.arxiv.org', port=443): Failed to resolve 'export.arxiv.org' ([Errno 11001] getaddrinfo failed)"))
2026-10-08 19:24:05     失败, 试下一个
2026-10-08 19:24:05   尝试 arXiv: https://arxiv.org/api/query
2026-10-08 19:24:05   连接失败(1/3): HTTPSConnectionPool(host='arxiv.org', port=443): Max retries exceeded with url: /api/query?search_query=%28cat%3Acs.RO+OR+cat%3Acs.CV+OR+cat%3Acs.AI+OR+cat%3Acs.LG%29+AND+%28all%3A%22world+action+model%22+OR+all%3A%22world-action+model%22+OR+all%3A%22video+world+model%22+OR+all%3A%22embodied+world+model%22+OR+all%3A%22action-video+joint+model%22+OR+all%3A%22world+model+policy%22+OR+all%3ADreamZero+OR+all%3AFast-WAM+OR+all%3AMotubrain+OR+all%3ABeing-H+OR+all%3A%22world+model+robotics%22+OR+all%3A%22world+model+manipulation%22%29&max_results=120&sortBy=submittedDate&sortOrder=descending (Caused by NameResolutionError("HTTPSConnection(host='arxiv.org', port=443): Failed to resolve 'arxiv.org' ([Errno 11001] getaddrinfo failed)"))
2026-10-08 19:24:07   连接失败(2/3): HTTPSConnectionPool(host='arxiv.org', port=443): Max retries exceeded with url: /api/query?search_query=%28cat%3Acs.RO+OR+cat%3Acs.CV+OR+cat%3Acs.AI+OR+cat%3Acs.LG%29+AND+%28all%3A%22world+action+model%22+OR+all%3A%22world-action+model%22+OR+all%3A%22video+world+model%22+OR+all%3A%22embodied+world+model%22+OR+all%3A%22action-video+joint+model%22+OR+all%3A%22world+model+policy%22+OR+all%3ADreamZero+OR+all%3AFast-WAM+OR+all%3AMotubrain+OR+all%3ABeing-H+OR+all%3A%22world+model+robotics%22+OR+all%3A%22world+model+manipulation%22%29&max_results=120&sortBy=submittedDate&sortOrder=descending (Caused by NameResolutionError("HTTPSConnection(host='arxiv.org', port=443): Failed to resolve 'arxiv.org' ([Errno 11001] getaddrinfo failed)"))
2026-10-08 19:24:10   连接失败(3/3): HTTPSConnectionPool(host='arxiv.org', port=443): Max retries exceeded with url: /api/query?search_query=%28cat%3Acs.RO+OR+cat%3Acs.CV+OR+cat%3Acs.AI+OR+cat%3Acs.LG%29+AND+%28all%3A%22world+action+model%22+OR+all%3A%22world-action+model%22+OR+all%3A%22video+world+model%22+OR+all%3A%22embodied+world+model%22+OR+all%3A%22action-video+joint+model%22+OR+all%3A%22world+model+policy%22+OR+all%3ADreamZero+OR+all%3AFast-WAM+OR+all%3AMotubrain+OR+all%3ABeing-H+OR+all%3A%22world+model+robotics%22+OR+all%3A%22world+model+manipulation%22%29&max_results=120&sortBy=submittedDate&sortOrder=descending (Caused by NameResolutionError("HTTPSConnection(host='arxiv.org', port=443): Failed to resolve 'arxiv.org' ([Errno 11001] getaddrinfo failed)"))
2026-10-08 19:24:10     失败, 试下一个
2026-10-08 19:24:10   arXiv 不可用, 启用 Semantic Scholar 兜底
2026-10-08 19:24:10   连接失败(1/3): HTTPSConnectionPool(host='api.semanticscholar.org', port=443): Max retries exceeded with url: /graph/v1/paper/search?query=%22world+action+model%22+OR+%22world-action+model%22+OR+%22video+world+model%22+OR+embodied+world+model+OR+action-video+joint+model+OR+world+model+policy&limit=120&fields=title%2Cauthors%2Cabstract%2Cyear%2CpublicationTypes%2CcitationCount%2CexternalIds%2Curl (Caused by NameResolutionError("HTTPSConnection(host='api.semanticscholar.org', port=443): Failed to resolve 'api.semanticscholar.org' ([Errno 11001] getaddrinfo failed)"))
2026-10-08 19:24:12   连接失败(2/3): HTTPSConnectionPool(host='api.semanticscholar.org', port=443): Max retries exceeded with url: /graph/v1/paper/search?query=%22world+action+model%22+OR+%22world-action+model%22+OR+%22video+world+model%22+OR+embodied+world+model+OR+action-video+joint+model+OR+world+model+policy&limit=120&fields=title%2Cauthors%2Cabstract%2Cyear%2CpublicationTypes%2CcitationCount%2CexternalIds%2Curl (Caused by NameResolutionError("HTTPSConnection(host='api.semanticscholar.org', port=443): Failed to resolve 'api.semanticscholar.org' ([Errno 11001] getaddrinfo failed)"))
2026-10-08 19:24:15   连接失败(3/3): HTTPSConnectionPool(host='api.semanticscholar.org', port=443): Max retries exceeded with url: /graph/v1/paper/search?query=%22world+action+model%22+OR+%22world-action+model%22+OR+%22video+world+model%22+OR+embodied+world+model+OR+action-video+joint+model+OR+world+model+policy&limit=120&fields=title%2Cauthors%2Cabstract%2Cyear%2CpublicationTypes%2CcitationCount%2CexternalIds%2Curl (Caused by NameResolutionError("HTTPSConnection(host='api.semanticscholar.org', port=443): Failed to resolve 'api.semanticscholar.org' ([Errno 11001] getaddrinfo failed)"))
2026-10-08 19:24:15   Semantic Scholar 连接失败
2026-10-08 19:24:15 召回 0 篇
2026-10-08 19:24:15 去重后 0 篇
2026-10-08 19:24:15 选中 0 篇, 准备推送
2026-10-08 19:24:15 完成
2026-10-08 19:27:45 ===== 定时任务启动 | 时间窗起点 2026-10-05T23:27:45.736992 | backfill=0.0 =====
2026-10-08 19:27:45 数据源: auto (先 arXiv, 失败则 Semantic Scholar)
2026-10-08 19:27:45   尝试 arXiv: https://export.arxiv.org/api/query
2026-10-08 19:27:45   连接失败(1/3): HTTPSConnectionPool(host='export.arxiv.org', port=443): Max retries exceeded with url: /api/query?search_query=%28cat%3Acs.RO+OR+cat%3Acs.CV+OR+cat%3Acs.AI+OR+cat%3Acs.LG%29+AND+%28all%3A%22world+action+model%22+OR+all%3A%22world-action+model%22+OR+all%3A%22video+world+model%22+OR+all%3A%22embodied+world+model%22+OR+all%3A%22action-video+joint+model%22+OR+all%3A%22world+model+policy%22+OR+all%3ADreamZero+OR+all%3AFast-WAM+OR+all%3AMotubrain+OR+all%3ABeing-H+OR+all%3A%22world+model+robotics%22+OR+all%3A%22world+model+manipulation%22%29&max_results=120&sortBy=submittedDate&sortOrder=descending (Caused by NameResolutionError("HTTPSConnection(host='export.arxiv.org', port=443): Failed to resolve 'export.arxiv.org' ([Errno 11001] getaddrinfo failed)"))
2026-10-08 19:27:47   连接失败(2/3): HTTPSConnectionPool(host='export.arxiv.org', port=443): Max retries exceeded with url: /api/query?search_query=%28cat%3Acs.RO+OR+cat%3Acs.CV+OR+cat%3Acs.AI+OR+cat%3Acs.LG%29+AND+%28all%3A%22world+action+model%22+OR+all%3A%22world-action+model%22+OR+all%3A%22video+world+model%22+OR+all%3A%22embodied+world+model%22+OR+all%3A%22action-video+joint+model%22+OR+all%3A%22world+model+policy%22+OR+all%3ADreamZero+OR+all%3AFast-WAM+OR+all%3AMotubrain+OR+all%3ABeing-H+OR+all%3A%22world+model+robotics%22+OR+all%3A%22world+model+manipulation%22%29&max_results=120&sortBy=submittedDate&sortOrder=descending (Caused by NameResolutionError("HTTPSConnection(host='export.arxiv.org', port=443): Failed to resolve 'export.arxiv.org' ([Errno 11001] getaddrinfo failed)"))
2026-10-08 19:27:50   连接失败(3/3): HTTPSConnectionPool(host='export.arxiv.org', port=443): Max retries exceeded with url: /api/query?search_query=%28cat%3Acs.RO+OR+cat%3Acs.CV+OR+cat%3Acs.AI+OR+cat%3Acs.LG%29+AND+%28all%3A%22world+action+model%22+OR+all%3A%22world-action+model%22+OR+all%3A%22video+world+model%22+OR+all%3A%22embodied+world+model%22+OR+all%3A%22action-video+joint+model%22+OR+all%3A%22world+model+policy%22+OR+all%3ADreamZero+OR+all%3AFast-WAM+OR+all%3AMotubrain+OR+all%3ABeing-H+OR+all%3A%22world+model+robotics%22+OR+all%3A%22world+model+manipulation%22%29&max_results=120&sortBy=submittedDate&sortOrder=descending (Caused by NameResolutionError("HTTPSConnection(host='export.arxiv.org', port=443): Failed to resolve 'export.arxiv.org' ([Errno 11001] getaddrinfo failed)"))
2026-10-08 19:27:50     失败, 试下一个
2026-10-08 19:27:50   尝试 arXiv: https://arxiv.org/api/query
2026-10-08 19:27:50   连接失败(1/3): HTTPSConnectionPool(host='arxiv.org', port=443): Max retries exceeded with url: /api/query?search_query=%28cat%3Acs.RO+OR+cat%3Acs.CV+OR+cat%3Acs.AI+OR+cat%3Acs.LG%29+AND+%28all%3A%22world+action+model%22+OR+all%3A%22world-action+model%22+OR+all%3A%22video+world+model%22+OR+all%3A%22embodied+world+model%22+OR+all%3A%22action-video+joint+model%22+OR+all%3A%22world+model+policy%22+OR+all%3ADreamZero+OR+all%3AFast-WAM+OR+all%3AMotubrain+OR+all%3ABeing-H+OR+all%3A%22world+model+robotics%22+OR+all%3A%22world+model+manipulation%22%29&max_results=120&sortBy=submittedDate&sortOrder=descending (Caused by NameResolutionError("HTTPSConnection(host='arxiv.org', port=443): Failed to resolve 'arxiv.org' ([Errno 11001] getaddrinfo failed)"))
2026-10-08 19:27:52   连接失败(2/3): HTTPSConnectionPool(host='arxiv.org', port=443): Max retries exceeded with url: /api/query?search_query=%28cat%3Acs.RO+OR+cat%3Acs.CV+OR+cat%3Acs.AI+OR+cat%3Acs.LG%29+AND+%28all%3A%22world+action+model%22+OR+all%3A%22world-action+model%22+OR+all%3A%22video+world+model%22+OR+all%3A%22embodied+world+model%22+OR+all%3A%22action-video+joint+model%22+OR+all%3A%22world+model+policy%22+OR+all%3ADreamZero+OR+all%3AFast-WAM+OR+all%3AMotubrain+OR+all%3ABeing-H+OR+all%3A%22world+model+robotics%22+OR+all%3A%22world+model+manipulation%22%29&max_results=120&sortBy=submittedDate&sortOrder=descending (Caused by NameResolutionError("HTTPSConnection(host='arxiv.org', port=443): Failed to resolve 'arxiv.org' ([Errno 11001] getaddrinfo failed)"))
2026-10-08 19:27:55   连接失败(3/3): HTTPSConnectionPool(host='arxiv.org', port=443): Max retries exceeded with url: /api/query?search_query=%28cat%3Acs.RO+OR+cat%3Acs.CV+OR+cat%3Acs.AI+OR+cat%3Acs.LG%29+AND+%28all%3A%22world+action+model%22+OR+all%3A%22world-action+model%22+OR+all%3A%22video+world+model%22+OR+all%3A%22embodied+world+model%22+OR+all%3A%22action-video+joint+model%22+OR+all%3A%22world+model+policy%22+OR+all%3ADreamZero+OR+all%3AFast-WAM+OR+all%3AMotubrain+OR+all%3ABeing-H+OR+all%3A%22world+model+robotics%22+OR+all%3A%22world+model+manipulation%22%29&max_results=120&sortBy=submittedDate&sortOrder=descending (Caused by NameResolutionError("HTTPSConnection(host='arxiv.org', port=443): Failed to resolve 'arxiv.org' ([Errno 11001] getaddrinfo failed)"))
2026-10-08 19:27:55     失败, 试下一个
2026-10-08 19:27:55   arXiv 不可用, 启用 Semantic Scholar 兜底
2026-10-08 19:27:55   连接失败(1/3): HTTPSConnectionPool(host='api.semanticscholar.org', port=443): Max retries exceeded with url: /graph/v1/paper/search?query=%22world+action+model%22+OR+%22world-action+model%22+OR+%22video+world+model%22+OR+embodied+world+model+OR+action-video+joint+model+OR+world+model+policy&limit=120&fields=title%2Cauthors%2Cabstract%2Cyear%2CpublicationTypes%2CcitationCount%2CexternalIds%2Curl (Caused by NameResolutionError("HTTPSConnection(host='api.semanticscholar.org', port=443): Failed to resolve 'api.semanticscholar.org' ([Errno 11001] getaddrinfo failed)"))
2026-10-08 19:27:57   连接失败(2/3): HTTPSConnectionPool(host='api.semanticscholar.org', port=443): Max retries exceeded with url: /graph/v1/paper/search?query=%22world+action+model%22+OR+%22world-action+model%22+OR+%22video+world+model%22+OR+embodied+world+model+OR+action-video+joint+model+OR+world+model+policy&limit=120&fields=title%2Cauthors%2Cabstract%2Cyear%2CpublicationTypes%2CcitationCount%2CexternalIds%2Curl (Caused by NameResolutionError("HTTPSConnection(host='api.semanticscholar.org', port=443): Failed to resolve 'api.semanticscholar.org' ([Errno 11001] getaddrinfo failed)"))
2026-10-08 19:28:00   连接失败(3/3): HTTPSConnectionPool(host='api.semanticscholar.org', port=443): Max retries exceeded with url: /graph/v1/paper/search?query=%22world+action+model%22+OR+%22world-action+model%22+OR+%22video+world+model%22+OR+embodied+world+model+OR+action-video+joint+model+OR+world+model+policy&limit=120&fields=title%2Cauthors%2Cabstract%2Cyear%2CpublicationTypes%2CcitationCount%2CexternalIds%2Curl (Caused by NameResolutionError("HTTPSConnection(host='api.semanticscholar.org', port=443): Failed to resolve 'api.semanticscholar.org' ([Errno 11001] getaddrinfo failed)"))
2026-10-08 19:28:00   Semantic Scholar 连接失败
2026-10-08 19:28:00 召回 0 篇
2026-10-08 19:28:00 去重后 0 篇
2026-10-08 19:28:06 本轮无新增论文，已发送空结果通知
2026-10-08 19:28:06 去重状态已更新
2026-10-08 19:28:56 ===== 定时任务启动 | 时间窗起点 2026-10-05T23:28:56.858933 | backfill=0.0 =====
2026-10-08 19:28:56 数据源: auto (先 arXiv, 失败则 Semantic Scholar)
2026-10-08 19:28:56   尝试 arXiv: https://export.arxiv.org/api/query
2026-10-08 19:28:56   连接失败(1/3): HTTPSConnectionPool(host='export.arxiv.org', port=443): Max retries exceeded with url: /api/query?search_query=%28cat%3Acs.RO+OR+cat%3Acs.CV+OR+cat%3Acs.AI+OR+cat%3Acs.LG%29+AND+%28all%3A%22world+action+model%22+OR+all%3A%22world-action+model%22+OR+all%3A%22video+world+model%22+OR+all%3A%22embodied+world+model%22+OR+all%3A%22action-video+joint+model%22+OR+all%3A%22world+model+policy%22+OR+all%3ADreamZero+OR+all%3AFast-WAM+OR+all%3AMotubrain+OR+all%3ABeing-H+OR+all%3A%22world+model+robotics%22+OR+all%3A%22world+model+manipulation%22%29&max_results=120&sortBy=submittedDate&sortOrder=descending (Caused by NameResolutionError("HTTPSConnection(host='export.arxiv.org', port=443): Failed to resolve 'export.arxiv.org' ([Errno 11001] getaddrinfo failed)"))
2026-10-08 19:28:58   连接失败(2/3): HTTPSConnectionPool(host='export.arxiv.org', port=443): Max retries exceeded with url: /api/query?search_query=%28cat%3Acs.RO+OR+cat%3Acs.CV+OR+cat%3Acs.AI+OR+cat%3Acs.LG%29+AND+%28all%3A%22world+action+model%22+OR+all%3A%22world-action+model%22+OR+all%3A%22video+world+model%22+OR+all%3A%22embodied+world+model%22+OR+all%3A%22action-video+joint+model%22+OR+all%3A%22world+model+policy%22+OR+all%3ADreamZero+OR+all%3AFast-WAM+OR+all%3AMotubrain+OR+all%3ABeing-H+OR+all%3A%22world+model+robotics%22+OR+all%3A%22world+model+manipulation%22%29&max_results=120&sortBy=submittedDate&sortOrder=descending (Caused by NameResolutionError("HTTPSConnection(host='export.arxiv.org', port=443): Failed to resolve 'export.arxiv.org' ([Errno 11001] getaddrinfo failed)"))
2026-10-08 19:29:01   连接失败(3/3): HTTPSConnectionPool(host='export.arxiv.org', port=443): Max retries exceeded with url: /api/query?search_query=%28cat%3Acs.RO+OR+cat%3Acs.CV+OR+cat%3Acs.AI+OR+cat%3Acs.LG%29+AND+%28all%3A%22world+action+model%22+OR+all%3A%22world-action+model%22+OR+all%3A%22video+world+model%22+OR+all%3A%22embodied+world+model%22+OR+all%3A%22action-video+joint+model%22+OR+all%3A%22world+model+policy%22+OR+all%3ADreamZero+OR+all%3AFast-WAM+OR+all%3AMotubrain+OR+all%3ABeing-H+OR+all%3A%22world+model+robotics%22+OR+all%3A%22world+model+manipulation%22%29&max_results=120&sortBy=submittedDate&sortOrder=descending (Caused by NameResolutionError("HTTPSConnection(host='export.arxiv.org', port=443): Failed to resolve 'export.arxiv.org' ([Errno 11001] getaddrinfo failed)"))
2026-10-08 19:29:01     失败, 试下一个
2026-10-08 19:29:01   尝试 arXiv: https://arxiv.org/api/query
2026-10-08 19:29:01   连接失败(1/3): HTTPSConnectionPool(host='arxiv.org', port=443): Max retries exceeded with url: /api/query?search_query=%28cat%3Acs.RO+OR+cat%3Acs.CV+OR+cat%3Acs.AI+OR+cat%3Acs.LG%29+AND+%28all%3A%22world+action+model%22+OR+all%3A%22world-action+model%22+OR+all%3A%22video+world+model%22+OR+all%3A%22embodied+world+model%22+OR+all%3A%22action-video+joint+model%22+OR+all%3A%22world+model+policy%22+OR+all%3ADreamZero+OR+all%3AFast-WAM+OR+all%3AMotubrain+OR+all%3ABeing-H+OR+all%3A%22world+model+robotics%22+OR+all%3A%22world+model+manipulation%22%29&max_results=120&sortBy=submittedDate&sortOrder=descending (Caused by NameResolutionError("HTTPSConnection(host='arxiv.org', port=443): Failed to resolve 'arxiv.org' ([Errno 11001] getaddrinfo failed)"))
2026-10-08 19:29:03   连接失败(2/3): HTTPSConnectionPool(host='arxiv.org', port=443): Max retries exceeded with url: /api/query?search_query=%28cat%3Acs.RO+OR+cat%3Acs.CV+OR+cat%3Acs.AI+OR+cat%3Acs.LG%29+AND+%28all%3A%22world+action+model%22+OR+all%3A%22world-action+model%22+OR+all%3A%22video+world+model%22+OR+all%3A%22embodied+world+model%22+OR+all%3A%22action-video+joint+model%22+OR+all%3A%22world+model+policy%22+OR+all%3ADreamZero+OR+all%3AFast-WAM+OR+all%3AMotubrain+OR+all%3ABeing-H+OR+all%3A%22world+model+robotics%22+OR+all%3A%22world+model+manipulation%22%29&max_results=120&sortBy=submittedDate&sortOrder=descending (Caused by NameResolutionError("HTTPSConnection(host='arxiv.org', port=443): Failed to resolve 'arxiv.org' ([Errno 11001] getaddrinfo failed)"))
2026-10-08 19:29:06   连接失败(3/3): HTTPSConnectionPool(host='arxiv.org', port=443): Max retries exceeded with url: /api/query?search_query=%28cat%3Acs.RO+OR+cat%3Acs.CV+OR+cat%3Acs.AI+OR+cat%3Acs.LG%29+AND+%28all%3A%22world+action+model%22+OR+all%3A%22world-action+model%22+OR+all%3A%22video+world+model%22+OR+all%3A%22embodied+world+model%22+OR+all%3A%22action-video+joint+model%22+OR+all%3A%22world+model+policy%22+OR+all%3ADreamZero+OR+all%3AFast-WAM+OR+all%3AMotubrain+OR+all%3ABeing-H+OR+all%3A%22world+model+robotics%22+OR+all%3A%22world+model+manipulation%22%29&max_results=120&sortBy=submittedDate&sortOrder=descending (Caused by NameResolutionError("HTTPSConnection(host='arxiv.org', port=443): Failed to resolve 'arxiv.org' ([Errno 11001] getaddrinfo failed)"))
2026-10-08 19:29:06     失败, 试下一个
2026-10-08 19:29:06   arXiv 不可用, 启用 Semantic Scholar 兜底
2026-10-08 19:29:06   连接失败(1/3): HTTPSConnectionPool(host='api.semanticscholar.org', port=443): Max retries exceeded with url: /graph/v1/paper/search?query=%22world+action+model%22+OR+%22world-action+model%22+OR+%22video+world+model%22+OR+embodied+world+model+OR+action-video+joint+model+OR+world+model+policy&limit=120&fields=title%2Cauthors%2Cabstract%2Cyear%2CpublicationTypes%2CcitationCount%2CexternalIds%2Curl (Caused by NameResolutionError("HTTPSConnection(host='api.semanticscholar.org', port=443): Failed to resolve 'api.semanticscholar.org' ([Errno 11001] getaddrinfo failed)"))
2026-10-08 19:29:08   连接失败(2/3): HTTPSConnectionPool(host='api.semanticscholar.org', port=443): Max retries exceeded with url: /graph/v1/paper/search?query=%22world+action+model%22+OR+%22world-action+model%22+OR+%22video+world+model%22+OR+embodied+world+model+OR+action-video+joint+model+OR+world+model+policy&limit=120&fields=title%2Cauthors%2Cabstract%2Cyear%2CpublicationTypes%2CcitationCount%2CexternalIds%2Curl (Caused by NameResolutionError("HTTPSConnection(host='api.semanticscholar.org', port=443): Failed to resolve 'api.semanticscholar.org' ([Errno 11001] getaddrinfo failed)"))
2026-10-08 19:29:11   连接失败(3/3): HTTPSConnectionPool(host='api.semanticscholar.org', port=443): Max retries exceeded with url: /graph/v1/paper/search?query=%22world+action+model%22+OR+%22world-action+model%22+OR+%22video+world+model%22+OR+embodied+world+model+OR+action-video+joint+model+OR+world+model+policy&limit=120&fields=title%2Cauthors%2Cabstract%2Cyear%2CpublicationTypes%2CcitationCount%2CexternalIds%2Curl (Caused by NameResolutionError("HTTPSConnection(host='api.semanticscholar.org', port=443): Failed to resolve 'api.semanticscholar.org' ([Errno 11001] getaddrinfo failed)"))
2026-10-08 19:29:11   Semantic Scholar 连接失败
2026-10-08 19:29:11 召回 0 篇
2026-10-08 19:29:11 去重后 0 篇
2026-10-08 19:29:18 本轮无新增论文，已发送空结果通知
2026-10-08 19:29:18 去重状态已更新
2026-10-08 12:12:12 === WAM Paper Bot v2 启动 ===
2026-10-08 12:12:12 Python: 3.11.17 (main, Oct  1 2026, 14:32:31) [GCC 13.3.0]
2026-10-08 12:12:12 ===== 开始 | 时间窗起点 2026-10-05T12:12:12.497484 | backfill=0.0 =====
2026-10-08 12:12:12 数据源模式: auto
2026-10-08 12:12:12 --- 网络诊断 ---
2026-10-08 12:12:12   export.arxiv.org: OK (200)
2026-10-08 12:12:13   arxiv.org: OK (200)
2026-10-08 12:12:13   api.semanticscholar.org: OK (200)
2026-10-08 12:12:13 数据源: auto (先 arXiv, 失败则 Semantic Scholar)
2026-10-08 12:12:13   尝试 arXiv: https://export.arxiv.org/api/query
2026-10-08 12:12:13   arXiv 召回 17 篇
2026-10-08 12:12:14 召回 17 篇
2026-10-08 12:12:14 去重后 17 篇
2026-10-08 12:12:14   HTTP 404, 重试 1/3
2026-10-08 12:12:15   限流(429), 等 4s 后重试 (2/3)
2026-10-08 12:12:19   限流(429), 等 6s 后重试 (3/3)
2026-10-08 12:12:25   限流(429), 等 3s 后重试 (1/3)
2026-10-08 12:12:28   限流(429), 等 4s 后重试 (2/3)
2026-10-08 12:12:32   限流(429), 等 6s 后重试 (3/3)
2026-10-08 12:12:39   限流(429), 等 3s 后重试 (1/3)
2026-10-08 12:12:42   限流(429), 等 4s 后重试 (2/3)
2026-10-08 12:12:46   限流(429), 等 6s 后重试 (3/3)
2026-10-08 12:12:52   限流(429), 等 3s 后重试 (1/3)
2026-10-08 12:12:55   限流(429), 等 4s 后重试 (2/3)
2026-10-08 12:13:00   限流(429), 等 6s 后重试 (3/3)
2026-10-08 12:13:06   限流(429), 等 3s 后重试 (1/3)
2026-10-08 12:13:09   限流(429), 等 4s 后重试 (2/3)
2026-10-08 12:13:13   限流(429), 等 6s 后重试 (3/3)
2026-10-08 12:13:19   限流(429), 等 3s 后重试 (1/3)
2026-10-08 12:13:22   限流(429), 等 4s 后重试 (2/3)
2026-10-08 12:13:27   限流(429), 等 6s 后重试 (3/3)
2026-10-08 12:13:33   限流(429), 等 3s 后重试 (1/3)
2026-10-08 12:13:36   限流(429), 等 4s 后重试 (2/3)
2026-10-08 12:13:40   限流(429), 等 6s 后重试 (3/3)
2026-10-08 12:13:46   限流(429), 等 3s 后重试 (1/3)
2026-10-08 12:13:49   限流(429), 等 4s 后重试 (2/3)
2026-10-08 12:13:54   限流(429), 等 6s 后重试 (3/3)
2026-10-08 12:14:00   限流(429), 等 3s 后重试 (1/3)
2026-10-08 12:14:03   限流(429), 等 4s 后重试 (2/3)
2026-10-08 12:14:07   限流(429), 等 6s 后重试 (3/3)
2026-10-08 12:14:13   限流(429), 等 3s 后重试 (1/3)
2026-10-08 12:14:17   限流(429), 等 4s 后重试 (2/3)
2026-10-08 12:14:21   限流(429), 等 6s 后重试 (3/3)
2026-10-08 12:14:27   HTTP 404, 重试 1/3
2026-10-08 12:14:28   HTTP 404, 重试 2/3
2026-10-08 12:14:29   限流(429), 等 6s 后重试 (3/3)
2026-10-08 12:14:35   限流(429), 等 3s 后重试 (1/3)
2026-10-08 12:14:39   HTTP 404, 重试 2/3
2026-10-08 12:14:40   限流(429), 等 6s 后重试 (3/3)
2026-10-08 12:14:46   限流(429), 等 3s 后重试 (1/3)
2026-10-08 12:14:49   限流(429), 等 4s 后重试 (2/3)
2026-10-08 12:14:53   HTTP 404, 重试 3/3
2026-10-08 12:14:55   限流(429), 等 3s 后重试 (1/3)
2026-10-08 12:14:58   限流(429), 等 4s 后重试 (2/3)
2026-10-08 12:15:02   限流(429), 等 6s 后重试 (3/3)
2026-10-08 12:15:08   HTTP 404, 重试 1/3
2026-10-08 12:15:09   限流(429), 等 4s 后重试 (2/3)
2026-10-08 12:15:13   限流(429), 等 6s 后重试 (3/3)
2026-10-08 12:15:20   限流(429), 等 3s 后重试 (1/3)
2026-10-08 12:15:23   限流(429), 等 4s 后重试 (2/3)
2026-10-08 12:15:27   限流(429), 等 6s 后重试 (3/3)
2026-10-08 12:15:33   限流(429), 等 3s 后重试 (1/3)
2026-10-08 12:15:36   限流(429), 等 4s 后重试 (2/3)
2026-10-08 12:15:40   HTTP 404, 重试 3/3
2026-10-08 12:15:41 选中 3 篇, 准备推送
2026-10-08 12:15:46 完成
